C51 COMPILER V9.59.0.0   LCD1602                                                           05/07/2023 00:18:29 PAGE 1   


C51 COMPILER V9.59.0.0, COMPILATION OF MODULE LCD1602
OBJECT MODULE PLACED IN .\Objects\LCD1602.obj
COMPILER INVOKED BY: D:\keil\keil_mdk\C51\BIN\C51.EXE LCD1602.c LARGE OMF2 OPTIMIZE(8,SPEED) BROWSE DEBUG PRINT(.\Listin
                    -gs\LCD1602.lst) OBJECT(.\Objects\LCD1602.obj)

line level    source

   1          #include "LCD1602.h"
   2          
   3          
   4          // //函数定义：
   5          // /**
   6          //   * @brief  LCD1602延时函数，12MHz调用可延时1ms,89c52
   7          //   * @param  无
   8          //   * @retval 无
   9          //   */
  10          // void LCD_Delay()
  11          // {
  12          //      unsigned char i, j;
  13          
  14          //      i = 2;
  15          //      j = 239;
  16          //      do
  17          //      {
  18          //              while (--j);
  19          //      } while (--i);
  20          // }
  21          
  22          /**
  23            * @brief  LCD1602延时函数，11.0592MHz调用可延时1ms,stc15
  24            * @param  无
  25            * @retval 无
  26            */
  27          void LCD_Delay()                //@11.0592MHz
  28          {
  29   1              unsigned char i, j;
  30   1      
  31   1              _nop_();
  32   1              _nop_();
  33   1              _nop_();
  34   1              i = 11;
  35   1              j = 190;
  36   1              do
  37   1              {
  38   2                      while (--j);
  39   2              } while (--i);
  40   1      }
  41          
  42          
  43          /**
  44            * @brief  LCD1602写命令
  45            * @param  Command 要写入的命令
  46            * @retval 无
  47            */
  48          void LCD_WriteCommand(unsigned char Command)
  49          {
  50   1              LCD_RS=0;
  51   1              LCD_RW=0;
  52   1              LCD_DataPort=Command;
  53   1              LCD_EN=1;
  54   1              LCD_Delay();
C51 COMPILER V9.59.0.0   LCD1602                                                           05/07/2023 00:18:29 PAGE 2   

  55   1              LCD_EN=0;
  56   1              LCD_Delay();
  57   1      }
  58          
  59          /**
  60            * @brief  LCD1602写数据
  61            * @param  Data 要写入的数据
  62            * @retval 无
  63            */
  64          void LCD_WriteData(unsigned char Data)
  65          {
  66   1              LCD_RS=1;
  67   1              LCD_RW=0;
  68   1              LCD_DataPort=Data;
  69   1              LCD_EN=1;
  70   1              LCD_Delay();
  71   1              LCD_EN=0;
  72   1              LCD_Delay();
  73   1      }
  74          
  75          /**
  76            * @brief  LCD1602设置光标位置
  77            * @param  Line 行位置，范围：1~2
  78            * @param  Column 列位置，范围：1~16
  79            * @retval 无
  80            */
  81          void LCD_SetCursor(unsigned char Line,unsigned char Column)
  82          {
  83   1              if(Line==1)
  84   1              {
  85   2                      LCD_WriteCommand(0x80|(Column-1));
  86   2              }
  87   1              else if(Line==2)
  88   1              {
  89   2                      LCD_WriteCommand(0x80|(Column-1+0x40));
  90   2              }
  91   1      }
  92          
  93          /**
  94            * @brief  LCD1602初始化函数
  95            * @param  无
  96            * @retval 无
  97            */
  98          void LCD_Init()
  99          {
 100   1              LCD_WriteCommand(0x38);//八位数据接口，两行显示，5*7点阵
 101   1              LCD_WriteCommand(0x0c);//显示开，光标关，闪烁关
 102   1              LCD_WriteCommand(0x06);//数据读写操作后，光标自动加一，画面不动
 103   1              LCD_WriteCommand(0x01);//光标复位，清屏
 104   1      }
 105          
 106          /**
 107            * @brief  在LCD1602指定位置上显示一个字符
 108            * @param  Line 行位置，范围：1~2
 109            * @param  Column 列位置，范围：1~16
 110            * @param  Char 要显示的字符
 111            * @retval 无
 112            */
 113          void LCD_ShowChar(unsigned char Line,unsigned char Column,char Char)
 114          {
 115   1              LCD_SetCursor(Line,Column);
 116   1              LCD_WriteData(Char);
C51 COMPILER V9.59.0.0   LCD1602                                                           05/07/2023 00:18:29 PAGE 3   

 117   1      }
 118          
 119          /**
 120            * @brief  在LCD1602指定位置开始显示所给字符串
 121            * @param  Line 起始行位置，范围：1~2
 122            * @param  Column 起始列位置，范围：1~16
 123            * @param  String 要显示的字符串
 124            * @retval 无
 125            */
 126          void LCD_ShowString(unsigned char Line,unsigned char Column,char *String)
 127          {
 128   1              unsigned char i;
 129   1              LCD_SetCursor(Line,Column);
 130   1              for(i=0;String[i]!='\0';i++)
 131   1              {
 132   2                      LCD_WriteData(String[i]);
 133   2              }
 134   1      }
 135          
 136          /**
 137            * @brief  返回值=X的Y次方
 138            */
 139          int LCD_Pow(int X,int Y)
 140          {
 141   1              unsigned char i;
 142   1              int Result=1;
 143   1              for(i=0;i<Y;i++)
 144   1              {
 145   2                      Result*=X;
 146   2              }
 147   1              return Result;
 148   1      }
 149          
 150          /**
 151            * @brief  在LCD1602指定位置开始显示所给数字
 152            * @param  Line 起始行位置，范围：1~2
 153            * @param  Column 起始列位置，范围：1~16
 154            * @param  Number 要显示的数字，范围：0~65535
 155            * @param  Length 要显示数字的长度，范围：1~5
 156            * @retval 无
 157            */
 158          void LCD_ShowNum(unsigned char Line,unsigned char Column,unsigned int Number,unsigned char Length)
 159          {
 160   1              unsigned char i;
 161   1              LCD_SetCursor(Line,Column);
 162   1              for(i=Length;i>0;i--)
 163   1              {
 164   2                      LCD_WriteData(Number/LCD_Pow(10,i-1)%10+'0');
 165   2              }
 166   1      }
 167          
 168          /**
 169            * @brief  在LCD1602指定位置开始以有符号十进制显示所给数字
 170            * @param  Line 起始行位置，范围：1~2
 171            * @param  Column 起始列位置，范围：1~16
 172            * @param  Number 要显示的数字，范围：-32768~32767
 173            * @param  Length 要显示数字的长度，范围：1~5
 174            * @retval 无
 175            */
 176          void LCD_ShowSignedNum(unsigned char Line,unsigned char Column,int Number,unsigned char Length)
 177          {
 178   1              unsigned char i;
C51 COMPILER V9.59.0.0   LCD1602                                                           05/07/2023 00:18:29 PAGE 4   

 179   1              unsigned int Number1;
 180   1              LCD_SetCursor(Line,Column);
 181   1              if(Number>=0)
 182   1              {
 183   2                      LCD_WriteData('+');
 184   2                      Number1=Number;
 185   2              }
 186   1              else
 187   1              {
 188   2                      LCD_WriteData('-');
 189   2                      Number1=-Number;
 190   2              }
 191   1              for(i=Length;i>0;i--)
 192   1              {
 193   2                      LCD_WriteData(Number1/LCD_Pow(10,i-1)%10+'0');
 194   2              }
 195   1      }
 196          
 197          /**
 198            * @brief  在LCD1602指定位置开始以十六进制显示所给数字
 199            * @param  Line 起始行位置，范围：1~2
 200            * @param  Column 起始列位置，范围：1~16
 201            * @param  Number 要显示的数字，范围：0~0xFFFF
 202            * @param  Length 要显示数字的长度，范围：1~4
 203            * @retval 无
 204            */
 205          void LCD_ShowHexNum(unsigned char Line,unsigned char Column,unsigned int Number,unsigned char Length)
 206          {
 207   1              unsigned char i,SingleNumber;
 208   1              LCD_SetCursor(Line,Column);
 209   1              for(i=Length;i>0;i--)
 210   1              {
 211   2                      SingleNumber=Number/LCD_Pow(16,i-1)%16;
 212   2                      if(SingleNumber<10)
 213   2                      {
 214   3                              LCD_WriteData(SingleNumber+'0');
 215   3                      }
 216   2                      else
 217   2                      {
 218   3                              LCD_WriteData(SingleNumber-10+'A');
 219   3                      }
 220   2              }
 221   1      }
 222          
 223          /**
 224            * @brief  在LCD1602指定位置开始以二进制显示所给数字
 225            * @param  Line 起始行位置，范围：1~2
 226            * @param  Column 起始列位置，范围：1~16
 227            * @param  Number 要显示的数字，范围：0~1111 1111 1111 1111
 228            * @param  Length 要显示数字的长度，范围：1~16
 229            * @retval 无
 230            */
 231          void LCD_ShowBinNum(unsigned char Line,unsigned char Column,unsigned int Number,unsigned char Length)
 232          {
 233   1              unsigned char i;
 234   1              LCD_SetCursor(Line,Column);
 235   1              for(i=Length;i>0;i--)
 236   1              {
 237   2                      LCD_WriteData(Number/LCD_Pow(2,i-1)%2+'0');
 238   2              }
 239   1      }

C51 COMPILER V9.59.0.0   LCD1602                                                           05/07/2023 00:18:29 PAGE 5   


MODULE INFORMATION:   STATIC OVERLAYABLE
   CODE SIZE        =    532    ----
   CONSTANT SIZE    =   ----    ----
   XDATA SIZE       =   ----      31
   PDATA SIZE       =   ----    ----
   DATA SIZE        =   ----    ----
   IDATA SIZE       =   ----    ----
   BIT SIZE         =   ----    ----
   EDATA SIZE       =   ----    ----
   HDATA SIZE       =   ----    ----
   XDATA CONST SIZE =   ----    ----
   FAR CONST SIZE   =   ----    ----
END OF MODULE INFORMATION.


C51 COMPILATION COMPLETE.  0 WARNING(S),  0 ERROR(S)
