BL51 BANKED LINKER/LOCATER V6.22.2.0                                                    05/03/2023  11:09:55  PAGE 1


BL51 BANKED LINKER/LOCATER V6.22.2.0, INVOKED BY:
D:\KEIL\KEIL_MDK\C51\BIN\BL51.EXE .\Objects\delay.obj, .\Objects\IIC.obj, .\Objects\main.obj, .\Objects\Timer.obj, .\Obj
>> ects\uart.obj, .\Objects\key.obj, .\Objects\DHT11.obj, .\Objects\LCD1602.obj TO .\Objects\test PRINT (.\Listings\test
>> .m51) RAMSIZE (256)


MEMORY MODEL: LARGE WITH FLOATING POINT ARITHMETIC


INPUT MODULES INCLUDED:
  .\Objects\delay.obj (DELAY)
  .\Objects\IIC.obj (IIC)
  .\Objects\main.obj (MAIN)
  .\Objects\Timer.obj (TIMER)
  .\Objects\uart.obj (UART)
  .\Objects\key.obj (KEY)
  .\Objects\DHT11.obj (DHT11)
  .\Objects\LCD1602.obj (LCD1602)
  D:\KEIL\KEIL_MDK\C51\LIB\C51FPL.LIB (?C?FPADD)
  D:\KEIL\KEIL_MDK\C51\LIB\C51FPL.LIB (?C?FPDIV)
  D:\KEIL\KEIL_MDK\C51\LIB\C51FPL.LIB (?C?FCAST)
  D:\KEIL\KEIL_MDK\C51\LIB\C51FPL.LIB (?C?FPGETOPN)
  D:\KEIL\KEIL_MDK\C51\LIB\C51L.LIB (?C_STARTUP)
  D:\KEIL\KEIL_MDK\C51\LIB\C51L.LIB (?C?CLDPTR)
  D:\KEIL\KEIL_MDK\C51\LIB\C51L.LIB (?C?CLDOPTR)
  D:\KEIL\KEIL_MDK\C51\LIB\C51L.LIB (?C?CSTPTR)
  D:\KEIL\KEIL_MDK\C51\LIB\C51L.LIB (?C?IMUL)
  D:\KEIL\KEIL_MDK\C51\LIB\C51L.LIB (?C?UIDIV)
  D:\KEIL\KEIL_MDK\C51\LIB\C51L.LIB (?C?ILDIX)
  D:\KEIL\KEIL_MDK\C51\LIB\C51L.LIB (?C?LNEG)
  D:\KEIL\KEIL_MDK\C51\LIB\C51L.LIB (?C?LSTXDATA)
  D:\KEIL\KEIL_MDK\C51\LIB\C51L.LIB (?C?LSTKXDATA)
  D:\KEIL\KEIL_MDK\C51\LIB\C51L.LIB (?C_INIT)


LINK MAP OF MODULE:  .\Objects\test (DELAY)


            TYPE    BASE      LENGTH    RELOCATION   SEGMENT NAME
            -----------------------------------------------------

            * * * * * * *   D A T A   M E M O R Y   * * * * * * *
            REG     0000H     0008H     ABSOLUTE     "REG BANK 0"
                    0008H     0018H                  *** GAP ***
            BIT     0020H.0   0000H.1   UNIT         ?BI?IIC_RECEIVEACK?IIC
            BIT     0020H.1   0000H.1   UNIT         ?BI?UART
                    0020H.2   0000H.6                *** GAP ***
            IDATA   0021H     0001H     UNIT         ?STACK

            * * * * * * *  X D A T A   M E M O R Y  * * * * * * *
            XDATA   0000H     0014H     UNIT         ?XD?MAIN
            XDATA   0014H     0007H     UNIT         ?XD?_LCD_SHOWSIGNEDNUM?LCD1602
            XDATA   001BH     0006H     UNIT         ?XD?_LCD_POW?LCD1602
            XDATA   0021H     0005H     UNIT         ?XD?DHT11_GET_HUMIDITY?DHT11
            XDATA   0026H     0005H     UNIT         ?XD?_LCD_SHOWNUM?LCD1602
            XDATA   002BH     0005H     UNIT         ?XD?_LCD_SHOWHEXNUM?LCD1602
            XDATA   0030H     0005H     UNIT         ?XD?_LCD_SHOWBINNUM?LCD1602
            XDATA   0035H     0003H     UNIT         ?XD?_UART01_SENDSTRING?UART
BL51 BANKED LINKER/LOCATER V6.22.2.0                                                  05/03/2023  11:09:55  PAGE 2


            XDATA   0038H     0003H     UNIT         ?XD?_UART02_SENDSTRING?UART
            XDATA   003BH     0003H     UNIT         ?XD?_TIMER_LONG_PRESS?KEY
            XDATA   003EH     0003H     UNIT         ?XD?KEY
            XDATA   0041H     0003H     UNIT         ?XD?_LCD_SHOWSTRING?LCD1602
            XDATA   0044H     0002H     UNIT         _XDATA_GROUP_

            * * * * * * *   C O D E   M E M O R Y   * * * * * * *
            CODE    0000H     0003H     ABSOLUTE     
            CODE    0003H     0008H     UNIT         ?PR?_UART01_SENDBYTE?UART
            CODE    000BH     0003H     ABSOLUTE     
            CODE    000EH     0015H     UNIT         ?PR?TIMER0INIT?TIMER
            CODE    0023H     0003H     ABSOLUTE     
            CODE    0026H     001BH     UNIT         ?PR?UART01_INIT?UART
            CODE    0041H     0002H     UNIT         ?PR?MAIN?MAIN
            CODE    0043H     0003H     ABSOLUTE     
            CODE    0046H     0340H     UNIT         ?C?LIB_CODE
            CODE    0386H     008CH     UNIT         ?C_C51STARTUP
            CODE    0412H     0061H     UNIT         ?PR?TIMER0_ROUTINE?MAIN
            CODE    0473H     005BH     UNIT         ?PR?_LCD_POW?LCD1602
            CODE    04CEH     0059H     UNIT         ?PR?_LCD_SHOWSIGNEDNUM?LCD1602
            CODE    0527H     0050H     UNIT         ?PR?_16KEYS_SCAN?KEY
            CODE    0577H     004FH     UNIT         ?PR?_LCD_SHOWHEXNUM?LCD1602
            CODE    05C6H     004BH     UNIT         ?PR?DHT11_GET_HUMIDITY?DHT11
            CODE    0611H     0041H     UNIT         ?PR?_LCD_SHOWBINNUM?LCD1602
            CODE    0652H     0035H     UNIT         ?PR?_IIC_SENDBYTE?IIC
            CODE    0687H     0033H     UNIT         ?PR?_UART01_SENDSTRING?UART
            CODE    06BAH     0033H     UNIT         ?PR?_UART02_SENDSTRING?UART
            CODE    06EDH     002FH     UNIT         ?C_INITSEG
            CODE    071CH     002DH     UNIT         ?PR?_LCD_SHOWSTRING?LCD1602
            CODE    0749H     002BH     UNIT         ?PR?_TIMER_KEYS_SCAN?KEY
            CODE    0774H     002AH     UNIT         ?PR?DHT11_READBYTE?DHT11
            CODE    079EH     0028H     UNIT         ?PR?_TIMER_LONG_PRESS?KEY
            CODE    07C6H     0026H     UNIT         ?PR?IIC_RECEIVEBYTE?IIC
            CODE    07ECH     0025H     UNIT         ?PR?UART02_ROUTINE?MAIN
            CODE    0811H     0023H     UNIT         ?PR?_LCD_WRITEDATA?LCD1602
            CODE    0834H     0023H     UNIT         ?PR?_LCD_SETCURSOR?LCD1602
            CODE    0857H     0023H     UNIT         ?PR?_LCD_SHOWNUM?LCD1602
            CODE    087AH     001BH     UNIT         ?PR?UART02_INIT?UART
            CODE    0895H     0019H     UNIT         ?PR?_DELAY_MS?DELAY
            CODE    08AEH     0018H     UNIT         ?PR?_IIC_SENDACK?IIC
            CODE    08C6H     0018H     UNIT         ?PR?UART01_ROUTINE?MAIN
            CODE    08DEH     0016H     UNIT         ?PR?DHT11_START?DHT11
            CODE    08F4H     0015H     UNIT         ?PR?TIMER1INIT?TIMER
            CODE    0909H     0014H     UNIT         ?PR?IIC_RECEIVEACK?IIC
            CODE    091DH     0014H     UNIT         ?PR?LCD_INIT?LCD1602
            CODE    0931H     0012H     UNIT         ?PR?LCD_DELAY?LCD1602
            CODE    0943H     000FH     UNIT         ?PR?IIC_START?IIC
            CODE    0952H     000EH     UNIT         ?PR?_4KEYS_SCAN?KEY
            CODE    0960H     000CH     UNIT         ?PR?DELAY1MS?DELAY
            CODE    096CH     000CH     UNIT         ?PR?_IIC_DELAY?IIC
            CODE    0978H     000CH     UNIT         ?PR?IIC_STOP?IIC
            CODE    0984H     000AH     UNIT         ?PR?_LCD_WRITECOMMAND?LCD1602
            CODE    098EH     000AH     UNIT         ?PR?_LCD_SHOWCHAR?LCD1602
            CODE    0998H     0009H     UNIT         ?PR?DELAY20MS?DHT11
            CODE    09A1H     0008H     UNIT         ?PR?_UART02_SENDDATA?UART
            CODE    09A9H     0008H     UNIT         ?PR?READ_KEY_VALUE?KEY
            CODE    09B1H     0008H     UNIT         ?PR?DELAY50US?DHT11
BL51 BANKED LINKER/LOCATER V6.22.2.0                                                  05/03/2023  11:09:55  PAGE 3


            CODE    09B9H     0008H     UNIT         ?PR?DELAY33US?DHT11



OVERLAY MAP OF MODULE:   .\Objects\test (DELAY)


SEGMENT                                  XDATA_GROUP
  +--> CALLED SEGMENT                  START    LENGTH
------------------------------------------------------
?PR?UART01_ROUTINE?MAIN                0044H    0001H

*** NEW ROOT ***************************************************

?PR?UART02_ROUTINE?MAIN                0045H    0001H

*** NEW ROOT ***************************************************

?PR?TIMER0_ROUTINE?MAIN                -----    -----
  +--> ?PR?_TIMER_KEYS_SCAN?KEY

?PR?_TIMER_KEYS_SCAN?KEY               -----    -----
  +--> ?PR?_4KEYS_SCAN?KEY
  +--> ?PR?_16KEYS_SCAN?KEY

*** NEW ROOT ***************************************************

?C_C51STARTUP                          -----    -----
  +--> ?PR?MAIN?MAIN
  +--> ?C_INITSEG



SYMBOL TABLE OF MODULE:  .\Objects\test (DELAY)

  VALUE           TYPE          NAME
  ----------------------------------

  -------         MODULE        DELAY
  C:0000H         SYMBOL        _ICE_DUMMY_
  D:0080H         PUBLIC        P0
  D:0090H         PUBLIC        P1
  D:00A0H         PUBLIC        P2
  D:00B0H         PUBLIC        P3
  D:00C0H         PUBLIC        P4
  C:0960H         PUBLIC        Delay1ms
  D:00C8H         PUBLIC        P5
  D:00E8H         PUBLIC        P6
  D:00F8H         PUBLIC        P7
  D:00A8H         PUBLIC        IE
  D:00B8H         PUBLIC        IP
  D:00D8H         PUBLIC        CCON
  D:0098H         PUBLIC        SCON
  D:0088H         PUBLIC        TCON
  C:0895H         PUBLIC        _delay_ms
  D:00D0H         PUBLIC        PSW
  -------         PROC          DELAY1MS
BL51 BANKED LINKER/LOCATER V6.22.2.0                                                  05/03/2023  11:09:55  PAGE 4


  -------         DO            
  D:0007H         SYMBOL        i
  D:0006H         SYMBOL        j
  -------         ENDDO         
  C:0960H         LINE#         3
  C:0960H         LINE#         4
  C:0960H         LINE#         7
  C:0961H         LINE#         8
  C:0962H         LINE#         9
  C:0963H         LINE#         10
  C:0965H         LINE#         11
  C:0967H         LINE#         13
  C:0967H         LINE#         14
  C:0969H         LINE#         15
  C:096BH         LINE#         16
  -------         ENDPROC       DELAY1MS
  -------         PROC          _DELAY_MS
  D:0004H         SYMBOL        n_ms
  -------         DO            
  D:0002H         SYMBOL        i
  -------         ENDDO         
  C:0895H         LINE#         18
  C:0899H         LINE#         19
  C:0899H         LINE#         20
  C:089CH         LINE#         21
  C:08A3H         LINE#         22
  C:08A3H         LINE#         23
  C:08A6H         LINE#         24
  C:08ADH         LINE#         25
  -------         ENDPROC       _DELAY_MS
  -------         ENDMOD        DELAY

  -------         MODULE        IIC
  C:0000H         SYMBOL        _ICE_DUMMY_
  D:0080H         PUBLIC        P0
  D:0090H         PUBLIC        P1
  D:00A0H         PUBLIC        P2
  D:00B0H         PUBLIC        P3
  D:00C0H         PUBLIC        P4
  D:00C8H         PUBLIC        P5
  D:00E8H         PUBLIC        P6
  D:00F8H         PUBLIC        P7
  D:00A8H         PUBLIC        IE
  C:0909H         PUBLIC        IIC_ReceiveAck
  C:07C6H         PUBLIC        IIC_ReceiveByte
  D:00B8H         PUBLIC        IP
  D:00D8H         PUBLIC        CCON
  C:0970H         PUBLIC        _IIC_Delay
  D:0098H         PUBLIC        SCON
  D:0088H         PUBLIC        TCON
  C:0943H         PUBLIC        IIC_Start
  C:08AEH         PUBLIC        _IIC_SendAck
  B:00A0H.1       PUBLIC        SDA
  C:0652H         PUBLIC        _IIC_SendByte
  C:0978H         PUBLIC        IIC_Stop
  B:00A0H.0       PUBLIC        SCL
  D:00D0H         PUBLIC        PSW
BL51 BANKED LINKER/LOCATER V6.22.2.0                                                  05/03/2023  11:09:55  PAGE 5


  C:096CH         SYMBOL        L?0021
  -------         PROC          L?0020
  -------         ENDPROC       L?0020
  C:096CH         SYMBOL        L?0021
  -------         PROC          _IIC_DELAY
  D:0007H         SYMBOL        i
  C:0970H         LINE#         8
  C:0970H         LINE#         9
  C:0970H         LINE#         10
  C:0971H         LINE#         11
  C:0977H         LINE#         12
  -------         ENDPROC       _IIC_DELAY
  -------         PROC          IIC_START
  C:0943H         LINE#         15
  C:0943H         LINE#         16
  C:0943H         LINE#         17
  C:0945H         LINE#         18
  C:0945H         LINE#         19
  C:0948H         LINE#         20
  C:094AH         LINE#         21
  C:094FH         LINE#         22
  C:0951H         LINE#         23
  -------         ENDPROC       IIC_START
  -------         PROC          IIC_STOP
  C:0978H         LINE#         26
  C:0978H         LINE#         27
  C:0978H         LINE#         28
  C:097AH         LINE#         29
  C:097AH         LINE#         30
  C:097DH         LINE#         31
  C:097FH         LINE#         32
  -------         ENDPROC       IIC_STOP
  -------         PROC          _IIC_SENDBYTE
  D:0005H         SYMBOL        byte
  -------         DO            
  D:0004H         SYMBOL        i
  -------         ENDDO         
  C:0652H         LINE#         44
  C:0654H         LINE#         45
  C:0654H         LINE#         48
  C:0660H         LINE#         49
  C:0660H         LINE#         50
  C:0662H         LINE#         51
  C:0667H         LINE#         52
  C:066FH         LINE#         53
  C:0671H         LINE#         54
  C:0676H         LINE#         55
  C:0678H         LINE#         56
  C:067CH         LINE#         57
  C:0681H         LINE#         58
  C:0684H         LINE#         59
  C:0686H         LINE#         60
  -------         ENDPROC       _IIC_SENDBYTE
  -------         PROC          IIC_RECEIVEBYTE
  -------         DO            
  D:0004H         SYMBOL        i
  D:0005H         SYMBOL        da
BL51 BANKED LINKER/LOCATER V6.22.2.0                                                  05/03/2023  11:09:55  PAGE 6


  -------         ENDDO         
  C:07C6H         LINE#         71
  C:07C6H         LINE#         72
  C:07C6H         LINE#         74
  C:07D2H         LINE#         75
  C:07D2H         LINE#         76
  C:07D2H         LINE#         77
  C:07D5H         LINE#         78
  C:07D9H         LINE#         79
  C:07DFH         LINE#         80
  C:07E1H         LINE#         81
  C:07E6H         LINE#         82
  C:07E9H         LINE#         83
  C:07EBH         LINE#         84
  -------         ENDPROC       IIC_RECEIVEBYTE
  -------         PROC          _IIC_SENDACK
  D:0007H         SYMBOL        ack_bit
  C:08AEH         LINE#         93
  C:08AEH         LINE#         94
  C:08AEH         LINE#         95
  C:08B0H         LINE#         96
  C:08B5H         LINE#         97
  C:08BAH         LINE#         98
  C:08BAH         LINE#         99
  C:08BDH         LINE#         100
  C:08BFH         LINE#         101
  C:08C1H         LINE#         102
  -------         ENDPROC       _IIC_SENDACK
  -------         PROC          IIC_RECEIVEACK
  -------         DO            
  B:0020H.0       SYMBOL        ackbit
  -------         ENDDO         
  C:0909H         LINE#         113
  C:0909H         LINE#         114
  C:0909H         LINE#         117
  C:0909H         LINE#         118
  C:090CH         LINE#         119
  C:0910H         LINE#         120
  C:0912H         LINE#         121
  C:0917H         LINE#         122
  C:091CH         LINE#         123
  -------         ENDPROC       IIC_RECEIVEACK
  -------         ENDMOD        IIC

  -------         MODULE        MAIN
  C:0000H         SYMBOL        _ICE_DUMMY_
  C:0412H         PUBLIC        Timer0_Routine
  X:0002H         PUBLIC        cur_T
  D:0080H         PUBLIC        P0
  D:0090H         PUBLIC        P1
  D:00A0H         PUBLIC        P2
  D:00B0H         PUBLIC        P3
  D:00C0H         PUBLIC        P4
  D:00C8H         PUBLIC        P5
  D:00E8H         PUBLIC        P6
  D:00F8H         PUBLIC        P7
  D:00A8H         PUBLIC        IE
BL51 BANKED LINKER/LOCATER V6.22.2.0                                                  05/03/2023  11:09:55  PAGE 7


  D:00B8H         PUBLIC        IP
  X:0006H         PUBLIC        rec_buffer
  B:0098H.0       PUBLIC        RI
  D:00D8H         PUBLIC        CCON
  C:0041H         PUBLIC        main
  D:0099H         PUBLIC        SBUF
  D:0098H         PUBLIC        SCON
  D:0088H         PUBLIC        TCON
  X:0010H         PUBLIC        warn_value
  C:08C6H         PUBLIC        Uart01_Routine
  C:07ECH         PUBLIC        Uart02_Routine
  X:0012H         PUBLIC        _100ms_come_flag
  D:009BH         PUBLIC        S2BUF
  D:009AH         PUBLIC        S2CON
  X:0013H         PUBLIC        cur_work_mode
  D:00D0H         PUBLIC        PSW
  -------         PROC          MAIN
  C:0041H         LINE#         26
  C:0041H         LINE#         27
  C:0041H         LINE#         28
  C:0041H         LINE#         29
  C:0041H         LINE#         31
  -------         ENDPROC       MAIN
  -------         PROC          UART01_ROUTINE
  -------         DO            
  X:0044H         SYMBOL        uart_data
  -------         ENDDO         
  C:08C6H         LINE#         34
  C:08CCH         LINE#         37
  C:08CFH         LINE#         38
  C:08CFH         LINE#         39
  C:08D1H         LINE#         40
  C:08D7H         LINE#         43
  C:08D7H         LINE#         44
  -------         ENDPROC       UART01_ROUTINE
  -------         PROC          UART02_ROUTINE
  -------         DO            
  X:0045H         SYMBOL        mydata
  -------         ENDDO         
  C:07ECH         LINE#         46
  C:07F2H         LINE#         49
  C:07F7H         LINE#         50
  C:07F7H         LINE#         51
  C:07FAH         LINE#         52
  C:0800H         LINE#         54
  C:0800H         LINE#         56
  C:0805H         LINE#         57
  C:0805H         LINE#         58
  C:0808H         LINE#         59
  C:080AH         LINE#         60
  C:080AH         LINE#         62
  -------         ENDPROC       UART02_ROUTINE
  -------         PROC          TIMER0_ROUTINE
  -------         DO            
  X:0000H         SYMBOL        conut_device
  X:0001H         SYMBOL        count_ms
  -------         ENDDO         
BL51 BANKED LINKER/LOCATER V6.22.2.0                                                  05/03/2023  11:09:55  PAGE 8


  C:0412H         LINE#         64
  C:042FH         LINE#         68
  C:0435H         LINE#         69
  C:0439H         LINE#         71
  C:0443H         LINE#         72
  C:0443H         LINE#         73
  C:0445H         LINE#         74
  C:044AH         LINE#         75
  C:044AH         LINE#         77
  C:0452H         LINE#         78
  C:0452H         LINE#         79
  C:0453H         LINE#         80
  C:0458H         LINE#         82
  C:0458H         LINE#         83
  -------         ENDPROC       TIMER0_ROUTINE
  -------         ENDMOD        MAIN

  -------         MODULE        TIMER
  C:0000H         SYMBOL        _ICE_DUMMY_
  D:0080H         PUBLIC        P0
  D:0090H         PUBLIC        P1
  D:00A0H         PUBLIC        P2
  D:00B0H         PUBLIC        P3
  D:00C0H         PUBLIC        P4
  D:00C8H         PUBLIC        P5
  B:00A8H.7       PUBLIC        EA
  D:00E8H         PUBLIC        P6
  D:00F8H         PUBLIC        P7
  D:00A8H         PUBLIC        IE
  D:00B8H         PUBLIC        IP
  D:00D8H         PUBLIC        CCON
  D:0098H         PUBLIC        SCON
  D:0089H         PUBLIC        TMOD
  D:0088H         PUBLIC        TCON
  D:008EH         PUBLIC        AUXR
  B:00A8H.1       PUBLIC        ET0
  B:0088H.5       PUBLIC        TF0
  B:00A8H.3       PUBLIC        ET1
  C:000EH         PUBLIC        Timer0Init
  B:0088H.7       PUBLIC        TF1
  C:08F4H         PUBLIC        Timer1Init
  D:008CH         PUBLIC        TH0
  D:008DH         PUBLIC        TH1
  D:008AH         PUBLIC        TL0
  D:008BH         PUBLIC        TL1
  B:0088H.4       PUBLIC        TR0
  B:0088H.6       PUBLIC        TR1
  D:00D0H         PUBLIC        PSW
  -------         PROC          TIMER0INIT
  C:000EH         LINE#         3
  C:000EH         LINE#         4
  C:000EH         LINE#         5
  C:0011H         LINE#         6
  C:0014H         LINE#         7
  C:0017H         LINE#         8
  C:001AH         LINE#         9
  C:001CH         LINE#         10
BL51 BANKED LINKER/LOCATER V6.22.2.0                                                  05/03/2023  11:09:55  PAGE 9


  C:001EH         LINE#         12
  C:0020H         LINE#         13
  C:0022H         LINE#         14
  -------         ENDPROC       TIMER0INIT
  -------         PROC          TIMER1INIT
  C:08F4H         LINE#         16
  C:08F4H         LINE#         17
  C:08F4H         LINE#         18
  C:08F7H         LINE#         19
  C:08FAH         LINE#         20
  C:08FDH         LINE#         21
  C:0900H         LINE#         22
  C:0902H         LINE#         23
  C:0904H         LINE#         25
  C:0906H         LINE#         26
  C:0908H         LINE#         27
  -------         ENDPROC       TIMER1INIT
  -------         ENDMOD        TIMER

  -------         MODULE        UART
  C:0000H         SYMBOL        _ICE_DUMMY_
  D:0080H         PUBLIC        P0
  D:0090H         PUBLIC        P1
  D:00A0H         PUBLIC        P2
  D:00B0H         PUBLIC        P3
  C:0003H         PUBLIC        _Uart01_SendByte
  D:00C0H         PUBLIC        P4
  D:00C8H         PUBLIC        P5
  B:00A8H.7       PUBLIC        EA
  D:00E8H         PUBLIC        P6
  D:00F8H         PUBLIC        P7
  D:00BAH         PUBLIC        P_SW2
  D:00A8H         PUBLIC        IE
  B:00A8H.4       PUBLIC        ES
  D:00B8H         PUBLIC        IP
  B:0098H.1       PUBLIC        TI
  D:00D8H         PUBLIC        CCON
  D:0099H         PUBLIC        SBUF
  D:0098H         PUBLIC        SCON
  D:0089H         PUBLIC        TMOD
  D:0088H         PUBLIC        TCON
  D:00AFH         PUBLIC        IE2
  D:008EH         PUBLIC        AUXR
  B:0020H.1       PUBLIC        busy
  B:00A8H.3       PUBLIC        ET1
  D:008DH         PUBLIC        TH1
  D:00D6H         PUBLIC        T2H
  D:008BH         PUBLIC        TL1
  D:00D7H         PUBLIC        T2L
  B:0088H.6       PUBLIC        TR1
  D:009BH         PUBLIC        S2BUF
  D:009AH         PUBLIC        S2CON
  C:0687H         PUBLIC        _Uart01_SendString
  C:06BAH         PUBLIC        _Uart02_SendString
  C:09A1H         PUBLIC        _Uart02_SendData
  C:0026H         PUBLIC        Uart01_Init
  C:087AH         PUBLIC        Uart02_Init
BL51 BANKED LINKER/LOCATER V6.22.2.0                                                  05/03/2023  11:09:55  PAGE 10


  D:00D0H         PUBLIC        PSW
  -------         PROC          UART01_INIT
  C:0026H         LINE#         5
  C:0026H         LINE#         6
  C:0026H         LINE#         8
  C:0029H         LINE#         9
  C:002CH         LINE#         10
  C:002FH         LINE#         11
  C:0032H         LINE#         12
  C:0035H         LINE#         13
  C:0038H         LINE#         14
  C:003AH         LINE#         15
  C:003CH         LINE#         17
  C:003EH         LINE#         18
  C:0040H         LINE#         19
  -------         ENDPROC       UART01_INIT
  -------         PROC          _UART01_SENDBYTE
  D:0007H         SYMBOL        _data
  C:0003H         LINE#         21
  C:0003H         LINE#         22
  C:0003H         LINE#         23
  C:0005H         LINE#         24
  C:0008H         LINE#         25
  C:000AH         LINE#         26
  -------         ENDPROC       _UART01_SENDBYTE
  -------         PROC          _UART01_SENDSTRING
  X:0035H         SYMBOL        str
  C:0687H         LINE#         28
  C:0692H         LINE#         29
  C:0692H         LINE#         30
  C:06A2H         LINE#         31
  C:06B9H         LINE#         32
  -------         ENDPROC       _UART01_SENDSTRING
  -------         PROC          UART02_INIT
  C:087AH         LINE#         34
  C:087AH         LINE#         35
  C:087AH         LINE#         36
  C:087DH         LINE#         37
  C:0880H         LINE#         38
  C:0883H         LINE#         39
  C:0886H         LINE#         40
  C:0889H         LINE#         42
  C:088CH         LINE#         43
  C:088FH         LINE#         44
  C:0891H         LINE#         46
  C:0894H         LINE#         47
  -------         ENDPROC       UART02_INIT
  -------         PROC          _UART02_SENDDATA
  D:0007H         SYMBOL        dat
  C:09A1H         LINE#         50
  C:09A1H         LINE#         51
  C:09A1H         LINE#         52
  C:09A4H         LINE#         53
  C:09A6H         LINE#         54
  C:09A8H         LINE#         55
  -------         ENDPROC       _UART02_SENDDATA
  -------         PROC          _UART02_SENDSTRING
BL51 BANKED LINKER/LOCATER V6.22.2.0                                                  05/03/2023  11:09:55  PAGE 11


  X:0038H         SYMBOL        s
  C:06BAH         LINE#         58
  C:06C5H         LINE#         59
  C:06C5H         LINE#         60
  C:06D5H         LINE#         61
  C:06D5H         LINE#         62
  C:06EAH         LINE#         63
  C:06ECH         LINE#         64
  -------         ENDPROC       _UART02_SENDSTRING
  -------         ENDMOD        UART

  -------         MODULE        KEY
  C:0000H         SYMBOL        _ICE_DUMMY_
  D:0080H         PUBLIC        P0
  D:0090H         PUBLIC        P1
  D:00A0H         PUBLIC        P2
  D:00B0H         PUBLIC        P3
  D:00C0H         PUBLIC        P4
  D:00C8H         PUBLIC        P5
  D:00E8H         PUBLIC        P6
  D:00F8H         PUBLIC        P7
  D:00A8H         PUBLIC        IE
  D:00B8H         PUBLIC        IP
  C:0952H         PUBLIC        _4Keys_Scan
  D:00D8H         PUBLIC        CCON
  D:0098H         PUBLIC        SCON
  D:0088H         PUBLIC        TCON
  B:00B0H.2       PUBLIC        P32
  B:00C0H.2       PUBLIC        P42
  B:00B0H.3       PUBLIC        P33
  B:00B0H.4       PUBLIC        P34
  B:00C0H.4       PUBLIC        P44
  B:00B0H.5       PUBLIC        P35
  C:09A9H         PUBLIC        read_key_value
  X:0040H         PUBLIC        key_value
  C:0527H         PUBLIC        _16Keys_Scan
  C:079EH         PUBLIC        _Timer_Long_Press
  C:0749H         PUBLIC        _Timer_Keys_Scan
  D:00D0H         PUBLIC        PSW
  -------         PROC          _TIMER_LONG_PRESS
  D:0007H         SYMBOL        key_total
  X:003BH         SYMBOL        get_value
  C:079EH         LINE#         7
  C:07A9H         LINE#         8
  C:07A9H         LINE#         9
  C:07AEH         LINE#         10
  C:07AEH         LINE#         11
  C:07B1H         LINE#         12
  C:07B3H         LINE#         14
  C:07B3H         LINE#         15
  C:07C5H         LINE#         16
  C:07C5H         LINE#         17
  -------         ENDPROC       _TIMER_LONG_PRESS
  -------         PROC          _TIMER_KEYS_SCAN
  D:0007H         SYMBOL        key_total
  -------         DO            
  X:003EH         SYMBOL        now_state
BL51 BANKED LINKER/LOCATER V6.22.2.0                                                  05/03/2023  11:09:55  PAGE 12


  X:003FH         SYMBOL        last_state
  -------         ENDDO         
  C:0749H         LINE#         20
  C:0749H         LINE#         21
  C:0749H         LINE#         24
  C:074FH         LINE#         26
  C:0754H         LINE#         27
  C:0759H         LINE#         29
  C:0761H         LINE#         32
  C:076EH         LINE#         33
  C:076EH         LINE#         34
  C:0773H         LINE#         35
  C:0773H         LINE#         36
  -------         ENDPROC       _TIMER_KEYS_SCAN
  -------         PROC          READ_KEY_VALUE
  -------         DO            
  D:0007H         SYMBOL        temp
  -------         ENDDO         
  C:09A9H         LINE#         38
  C:09A9H         LINE#         39
  C:09A9H         LINE#         40
  C:09A9H         LINE#         41
  C:09AEH         LINE#         42
  C:09B0H         LINE#         43
  C:09B0H         LINE#         44
  -------         ENDPROC       READ_KEY_VALUE
  -------         PROC          _4KEYS_SCAN
  -------         DO            
  D:0007H         SYMBOL        key_num
  -------         ENDDO         
  C:0952H         LINE#         46
  C:0952H         LINE#         47
  C:0952H         LINE#         48
  C:0954H         LINE#         49
  C:0957H         LINE#         50
  C:095AH         LINE#         51
  C:095DH         LINE#         52
  C:095FH         LINE#         58
  C:095FH         LINE#         59
  -------         ENDPROC       _4KEYS_SCAN
  -------         PROC          _16KEYS_SCAN
  -------         DO            
  D:0007H         SYMBOL        key_num
  -------         ENDDO         
  C:0527H         LINE#         61
  C:0527H         LINE#         62
  C:0527H         LINE#         63
  C:0529H         LINE#         64
  C:052CH         LINE#         65
  C:052EH         LINE#         66
  C:0530H         LINE#         67
  C:0537H         LINE#         68
  C:0537H         LINE#         69
  C:053AH         LINE#         70
  C:054CH         LINE#         71
  C:054CH         LINE#         72
  C:054CH         LINE#         73
BL51 BANKED LINKER/LOCATER V6.22.2.0                                                  05/03/2023  11:09:55  PAGE 13


  C:054EH         LINE#         74
  C:0550H         LINE#         75
  C:0550H         LINE#         76
  C:0552H         LINE#         77
  C:0554H         LINE#         78
  C:0554H         LINE#         79
  C:0556H         LINE#         80
  C:0558H         LINE#         81
  C:0558H         LINE#         82
  C:055AH         LINE#         83
  C:055AH         LINE#         84
  C:055AH         LINE#         85
  C:055DH         LINE#         86
  C:055FH         LINE#         87
  C:0561H         LINE#         88
  C:0561H         LINE#         89
  C:0561H         LINE#         90
  C:0564H         LINE#         91
  C:0568H         LINE#         92
  C:056BH         LINE#         93
  C:056FH         LINE#         94
  C:0572H         LINE#         95
  C:0576H         LINE#         96
  C:0576H         LINE#         98
  C:0576H         LINE#         99
  -------         ENDPROC       _16KEYS_SCAN
  -------         ENDMOD        KEY

  -------         MODULE        DHT11
  C:0000H         SYMBOL        _ICE_DUMMY_
  D:0080H         PUBLIC        P0
  D:0090H         PUBLIC        P1
  D:00A0H         PUBLIC        P2
  D:00B0H         PUBLIC        P3
  D:00C0H         PUBLIC        P4
  D:00C8H         PUBLIC        P5
  D:00E8H         PUBLIC        P6
  D:00F8H         PUBLIC        P7
  D:00A8H         PUBLIC        IE
  D:00B8H         PUBLIC        IP
  D:00D8H         PUBLIC        CCON
  D:0098H         PUBLIC        SCON
  C:08DEH         PUBLIC        DHT11_Start
  D:0088H         PUBLIC        TCON
  C:0998H         PUBLIC        Delay20ms
  C:0774H         PUBLIC        DHT11_ReadByte
  C:09B1H         PUBLIC        Delay50us
  B:0090H.3       PUBLIC        dht
  C:09B9H         PUBLIC        Delay33us
  C:05C6H         PUBLIC        DHT11_Get_Humidity
  D:00D0H         PUBLIC        PSW
  -------         PROC          DELAY20MS
  -------         DO            
  D:0007H         SYMBOL        i
  D:0006H         SYMBOL        j
  -------         ENDDO         
  C:0998H         LINE#         3
BL51 BANKED LINKER/LOCATER V6.22.2.0                                                  05/03/2023  11:09:55  PAGE 14


  C:0998H         LINE#         4
  C:0998H         LINE#         7
  C:099AH         LINE#         8
  C:099CH         LINE#         10
  C:099CH         LINE#         11
  C:099EH         LINE#         12
  C:09A0H         LINE#         13
  -------         ENDPROC       DELAY20MS
  -------         PROC          DELAY50US
  -------         DO            
  D:0007H         SYMBOL        i
  -------         ENDDO         
  C:09B1H         LINE#         15
  C:09B1H         LINE#         16
  C:09B1H         LINE#         19
  C:09B2H         LINE#         20
  C:09B3H         LINE#         21
  C:09B4H         LINE#         22
  C:09B6H         LINE#         23
  C:09B8H         LINE#         24
  -------         ENDPROC       DELAY50US
  -------         PROC          DELAY33US
  -------         DO            
  D:0007H         SYMBOL        i
  -------         ENDDO         
  C:09B9H         LINE#         26
  C:09B9H         LINE#         27
  C:09B9H         LINE#         30
  C:09BAH         LINE#         31
  C:09BBH         LINE#         32
  C:09BCH         LINE#         33
  C:09BEH         LINE#         34
  C:09C0H         LINE#         35
  -------         ENDPROC       DELAY33US
  -------         PROC          DHT11_START
  C:08DEH         LINE#         37
  C:08DEH         LINE#         38
  C:08DEH         LINE#         39
  C:08E0H         LINE#         40
  C:08E2H         LINE#         41
  C:08E5H         LINE#         42
  C:08E7H         LINE#         43
  C:08EAH         LINE#         44
  C:08EDH         LINE#         45
  C:08EDH         LINE#         47
  C:08F0H         LINE#         48
  C:08F3H         LINE#         49
  C:08F3H         LINE#         50
  C:08F3H         LINE#         52
  C:08F3H         LINE#         53
  -------         ENDPROC       DHT11_START
  -------         PROC          DHT11_READBYTE
  -------         DO            
  D:0006H         SYMBOL        flag
  D:0004H         SYMBOL        i
  D:0005H         SYMBOL        value
  -------         ENDDO         
BL51 BANKED LINKER/LOCATER V6.22.2.0                                                  05/03/2023  11:09:55  PAGE 15


  C:0774H         LINE#         55
  C:0774H         LINE#         56
  C:0774H         LINE#         58
  C:0776H         LINE#         59
  C:0781H         LINE#         60
  C:0781H         LINE#         61
  C:0784H         LINE#         62
  C:0787H         LINE#         63
  C:078AH         LINE#         64
  C:078AH         LINE#         65
  C:078CH         LINE#         66
  C:0791H         LINE#         67
  C:0791H         LINE#         68
  C:0791H         LINE#         69
  C:0793H         LINE#         70
  C:0793H         LINE#         71
  C:0796H         LINE#         72
  C:0798H         LINE#         73
  C:079BH         LINE#         75
  C:079DH         LINE#         76
  -------         ENDPROC       DHT11_READBYTE
  -------         PROC          DHT11_GET_HUMIDITY
  -------         DO            
  X:0021H         SYMBOL        DHT_U8
  X:0022H         SYMBOL        DHT_FL
  -------         ENDDO         
  C:05C6H         LINE#         78
  C:05C6H         LINE#         79
  C:05C6H         LINE#         80
  C:05CBH         LINE#         81
  C:05D3H         LINE#         84
  C:05D6H         LINE#         85
  C:05DEH         LINE#         86
  C:05F7H         LINE#         87
  -------         ENDPROC       DHT11_GET_HUMIDITY
  -------         ENDMOD        DHT11

  -------         MODULE        LCD1602
  C:0000H         SYMBOL        _ICE_DUMMY_
  D:0080H         PUBLIC        P0
  D:0090H         PUBLIC        P1
  D:00A0H         PUBLIC        P2
  D:00B0H         PUBLIC        P3
  D:00C0H         PUBLIC        P4
  D:00C8H         PUBLIC        P5
  D:00E8H         PUBLIC        P6
  C:0984H         PUBLIC        _LCD_WriteCommand
  D:00F8H         PUBLIC        P7
  C:0857H         PUBLIC        _LCD_ShowNum
  D:00A8H         PUBLIC        IE
  D:00B8H         PUBLIC        IP
  D:00D8H         PUBLIC        CCON
  C:0611H         PUBLIC        _LCD_ShowBinNum
  C:0937H         PUBLIC        LCD_Delay
  C:0577H         PUBLIC        _LCD_ShowHexNum
  D:0098H         PUBLIC        SCON
  D:0088H         PUBLIC        TCON
BL51 BANKED LINKER/LOCATER V6.22.2.0                                                  05/03/2023  11:09:55  PAGE 16


  C:082AH         PUBLIC        _LCD_WriteData
  B:00A0H.7       PUBLIC        LCD_EN
  C:091DH         PUBLIC        LCD_Init
  C:071CH         PUBLIC        _LCD_ShowString
  C:098EH         PUBLIC        _LCD_ShowChar
  B:00A0H.6       PUBLIC        LCD_RS
  B:00A0H.5       PUBLIC        LCD_RW
  C:0839H         PUBLIC        _LCD_SetCursor
  C:04CEH         PUBLIC        _LCD_ShowSignedNum
  C:047DH         PUBLIC        _LCD_Pow
  D:00D0H         PUBLIC        PSW
  -------         PROC          L?0050
  -------         ENDPROC       L?0050
  -------         PROC          LCD_DELAY
  -------         DO            
  D:0007H         SYMBOL        i
  D:0006H         SYMBOL        j
  -------         ENDDO         
  C:0937H         LINE#         27
  C:0937H         LINE#         28
  C:0937H         LINE#         31
  C:0938H         LINE#         32
  C:0939H         LINE#         33
  C:093AH         LINE#         34
  C:093CH         LINE#         35
  C:093EH         LINE#         37
  C:093EH         LINE#         38
  C:0940H         LINE#         39
  C:0942H         LINE#         40
  -------         ENDPROC       LCD_DELAY
  -------         PROC          _LCD_WRITECOMMAND
  D:0007H         SYMBOL        Command
  C:0984H         LINE#         48
  C:0984H         LINE#         49
  C:0984H         LINE#         50
  C:0986H         LINE#         51
  C:0986H         LINE#         52
  C:0986H         LINE#         53
  C:0986H         LINE#         54
  C:0989H         LINE#         55
  C:098BH         LINE#         56
  -------         ENDPROC       _LCD_WRITECOMMAND
  -------         PROC          L?0046
  -------         ENDPROC       L?0046
  -------         PROC          _LCD_WRITEDATA
  D:0007H         SYMBOL        Data
  C:082AH         LINE#         64
  C:082AH         LINE#         65
  C:082AH         LINE#         66
  C:082CH         LINE#         67
  C:082CH         LINE#         68
  C:082CH         LINE#         69
  C:082CH         LINE#         70
  C:082FH         LINE#         71
  C:0831H         LINE#         72
  -------         ENDPROC       _LCD_WRITEDATA
  C:0834H         SYMBOL        L?0049
BL51 BANKED LINKER/LOCATER V6.22.2.0                                                  05/03/2023  11:09:55  PAGE 17


  -------         PROC          L?0048
  -------         ENDPROC       L?0048
  C:0834H         SYMBOL        L?0049
  -------         PROC          _LCD_SETCURSOR
  D:0006H         SYMBOL        Line
  D:0005H         SYMBOL        Column
  C:0839H         LINE#         81
  C:083BH         LINE#         82
  C:083BH         LINE#         83
  C:0843H         LINE#         84
  C:0843H         LINE#         85
  C:0845H         LINE#         86
  C:0847H         LINE#         87
  C:084DH         LINE#         88
  C:084DH         LINE#         89
  C:0856H         LINE#         90
  C:0856H         LINE#         91
  -------         ENDPROC       _LCD_SETCURSOR
  -------         PROC          LCD_INIT
  C:091DH         LINE#         98
  C:091DH         LINE#         99
  C:091DH         LINE#         100
  C:0922H         LINE#         101
  C:0927H         LINE#         102
  C:092CH         LINE#         103
  -------         ENDPROC       LCD_INIT
  -------         PROC          _LCD_SHOWCHAR
  D:0007H         SYMBOL        Line
  D:0005H         SYMBOL        Column
  D:0004H         SYMBOL        Char
  C:098EH         LINE#         113
  C:0990H         LINE#         114
  C:0990H         LINE#         115
  C:0993H         LINE#         116
  -------         ENDPROC       _LCD_SHOWCHAR
  -------         PROC          _LCD_SHOWSTRING
  D:0007H         SYMBOL        Line
  D:0005H         SYMBOL        Column
  X:0041H         SYMBOL        String
  -------         DO            
  D:0005H         SYMBOL        i
  -------         ENDDO         
  C:071CH         LINE#         126
  C:0727H         LINE#         127
  C:0727H         LINE#         129
  C:072AH         LINE#         130
  C:0742H         LINE#         131
  C:0742H         LINE#         132
  C:0745H         LINE#         133
  C:0748H         LINE#         134
  -------         ENDPROC       _LCD_SHOWSTRING
  -------         PROC          L?0047
  -------         ENDPROC       L?0047
  -------         PROC          _LCD_POW
  X:001BH         SYMBOL        X
  X:001DH         SYMBOL        Y
  -------         DO            
BL51 BANKED LINKER/LOCATER V6.22.2.0                                                  05/03/2023  11:09:55  PAGE 18


  D:0003H         SYMBOL        i
  X:001FH         SYMBOL        Result
  -------         ENDDO         
  C:047DH         LINE#         139
  C:048BH         LINE#         140
  C:048BH         LINE#         142
  C:0491H         LINE#         143
  C:04A7H         LINE#         144
  C:04A7H         LINE#         145
  C:04C2H         LINE#         146
  C:04C5H         LINE#         147
  C:04CDH         LINE#         148
  -------         ENDPROC       _LCD_POW
  -------         PROC          _LCD_SHOWNUM
  D:0007H         SYMBOL        Line
  D:0005H         SYMBOL        Column
  X:0028H         SYMBOL        Number
  X:002AH         SYMBOL        Length
  -------         DO            
  D:0002H         SYMBOL        i
  -------         ENDDO         
  C:0857H         LINE#         158
  C:085AH         LINE#         159
  C:085AH         LINE#         161
  C:085DH         LINE#         162
  C:086DH         LINE#         163
  C:086DH         LINE#         164
  C:0876H         LINE#         165
  C:0879H         LINE#         166
  -------         ENDPROC       _LCD_SHOWNUM
  -------         PROC          _LCD_SHOWSIGNEDNUM
  D:0007H         SYMBOL        Line
  D:0005H         SYMBOL        Column
  X:0016H         SYMBOL        Number
  X:0018H         SYMBOL        Length
  -------         DO            
  D:0002H         SYMBOL        i
  X:0019H         SYMBOL        Number1
  -------         ENDDO         
  C:04CEH         LINE#         176
  C:04D1H         LINE#         177
  C:04D1H         LINE#         180
  C:04D4H         LINE#         181
  C:04DFH         LINE#         182
  C:04DFH         LINE#         183
  C:04E4H         LINE#         184
  C:04ECH         LINE#         185
  C:04EEH         LINE#         187
  C:04EEH         LINE#         188
  C:04F3H         LINE#         189
  C:0508H         LINE#         190
  C:0508H         LINE#         191
  C:051AH         LINE#         192
  C:051AH         LINE#         193
  C:0523H         LINE#         194
  C:0526H         LINE#         195
  -------         ENDPROC       _LCD_SHOWSIGNEDNUM
BL51 BANKED LINKER/LOCATER V6.22.2.0                                                  05/03/2023  11:09:55  PAGE 19


  -------         PROC          _LCD_SHOWHEXNUM
  D:0007H         SYMBOL        Line
  D:0005H         SYMBOL        Column
  X:002DH         SYMBOL        Number
  X:002FH         SYMBOL        Length
  -------         DO            
  D:0002H         SYMBOL        i
  D:0006H         SYMBOL        SingleNumber
  -------         ENDDO         
  C:0577H         LINE#         205
  C:057AH         LINE#         206
  C:057AH         LINE#         208
  C:057DH         LINE#         209
  C:058AH         LINE#         210
  C:058AH         LINE#         211
  C:05AEH         LINE#         212
  C:05B8H         LINE#         213
  C:05B8H         LINE#         214
  C:05BAH         LINE#         215
  C:05BCH         LINE#         217
  C:05BCH         LINE#         218
  C:05C2H         LINE#         219
  C:05C2H         LINE#         220
  C:05C5H         LINE#         221
  -------         ENDPROC       _LCD_SHOWHEXNUM
  -------         PROC          _LCD_SHOWBINNUM
  D:0007H         SYMBOL        Line
  D:0005H         SYMBOL        Column
  X:0032H         SYMBOL        Number
  X:0034H         SYMBOL        Length
  -------         DO            
  D:0002H         SYMBOL        i
  -------         ENDDO         
  C:0611H         LINE#         231
  C:0614H         LINE#         232
  C:0614H         LINE#         234
  C:0617H         LINE#         235
  C:0627H         LINE#         236
  C:0627H         LINE#         237
  C:064EH         LINE#         238
  C:0651H         LINE#         239
  -------         ENDPROC       _LCD_SHOWBINNUM
  -------         ENDMOD        LCD1602

  -------         MODULE        ?C?FPADD
  C:004DH         PUBLIC        ?C?FPADD
  C:0049H         PUBLIC        ?C?FPSUB
  -------         ENDMOD        ?C?FPADD

  -------         MODULE        ?C?FPDIV
  C:0141H         PUBLIC        ?C?FPDIV
  -------         ENDMOD        ?C?FPDIV

  -------         MODULE        ?C?FCAST
  C:01E8H         PUBLIC        ?C?FCASTC
  C:01E3H         PUBLIC        ?C?FCASTI
  C:01DEH         PUBLIC        ?C?FCASTL
BL51 BANKED LINKER/LOCATER V6.22.2.0                                                  05/03/2023  11:09:55  PAGE 20


  -------         ENDMOD        ?C?FCAST

  -------         MODULE        ?C?CLDPTR
  C:0266H         PUBLIC        ?C?CLDPTR
  -------         ENDMOD        ?C?CLDPTR

  -------         MODULE        ?C?CLDOPTR
  C:027FH         PUBLIC        ?C?CLDOPTR
  -------         ENDMOD        ?C?CLDOPTR

  -------         MODULE        ?C?CSTPTR
  C:02ACH         PUBLIC        ?C?CSTPTR
  -------         ENDMOD        ?C?CSTPTR

  -------         MODULE        ?C?IMUL
  C:02BEH         PUBLIC        ?C?IMUL
  -------         ENDMOD        ?C?IMUL

  -------         MODULE        ?C?UIDIV
  C:02D0H         PUBLIC        ?C?UIDIV
  -------         ENDMOD        ?C?UIDIV

  -------         MODULE        ?C?ILDIX
  C:0325H         PUBLIC        ?C?ILDIX
  -------         ENDMOD        ?C?ILDIX

  -------         MODULE        ?C?LNEG
  C:033BH         PUBLIC        ?C?LNEG
  -------         ENDMOD        ?C?LNEG

  -------         MODULE        ?C?LSTXDATA
  C:0349H         PUBLIC        ?C?LSTXDATA
  -------         ENDMOD        ?C?LSTXDATA

  -------         MODULE        ?C?LSTKXDATA
  C:0355H         PUBLIC        ?C?LSTKXDATA
  -------         ENDMOD        ?C?LSTKXDATA

*** WARNING L16: UNCALLED SEGMENT, IGNORED FOR OVERLAY PROCESS
    SEGMENT: ?PR?_DELAY_MS?DELAY

*** WARNING L16: UNCALLED SEGMENT, IGNORED FOR OVERLAY PROCESS
    SEGMENT: ?PR?IIC_START?IIC

*** WARNING L16: UNCALLED SEGMENT, IGNORED FOR OVERLAY PROCESS
    SEGMENT: ?PR?IIC_STOP?IIC

*** WARNING L16: UNCALLED SEGMENT, IGNORED FOR OVERLAY PROCESS
    SEGMENT: ?PR?_IIC_SENDBYTE?IIC

*** WARNING L16: UNCALLED SEGMENT, IGNORED FOR OVERLAY PROCESS
    SEGMENT: ?PR?IIC_RECEIVEBYTE?IIC

*** WARNING L16: UNCALLED SEGMENT, IGNORED FOR OVERLAY PROCESS
    SEGMENT: ?PR?_IIC_SENDACK?IIC

*** WARNING L16: UNCALLED SEGMENT, IGNORED FOR OVERLAY PROCESS
BL51 BANKED LINKER/LOCATER V6.22.2.0                                                  05/03/2023  11:09:55  PAGE 21


    SEGMENT: ?PR?IIC_RECEIVEACK?IIC

*** WARNING L16: UNCALLED SEGMENT, IGNORED FOR OVERLAY PROCESS
    SEGMENT: ?PR?TIMER0INIT?TIMER

*** WARNING L16: UNCALLED SEGMENT, IGNORED FOR OVERLAY PROCESS
    SEGMENT: ?PR?TIMER1INIT?TIMER

*** WARNING L16: UNCALLED SEGMENT, IGNORED FOR OVERLAY PROCESS
    SEGMENT: ?PR?UART01_INIT?UART

*** WARNING L16: UNCALLED SEGMENT, IGNORED FOR OVERLAY PROCESS
    SEGMENT: ?PR?_UART01_SENDSTRING?UART

*** WARNING L16: UNCALLED SEGMENT, IGNORED FOR OVERLAY PROCESS
    SEGMENT: ?PR?UART02_INIT?UART

*** WARNING L16: UNCALLED SEGMENT, IGNORED FOR OVERLAY PROCESS
    SEGMENT: ?PR?_UART02_SENDSTRING?UART

*** WARNING L16: UNCALLED SEGMENT, IGNORED FOR OVERLAY PROCESS
    SEGMENT: ?PR?_TIMER_LONG_PRESS?KEY

*** WARNING L16: UNCALLED SEGMENT, IGNORED FOR OVERLAY PROCESS
    SEGMENT: ?PR?READ_KEY_VALUE?KEY

*** WARNING L16: UNCALLED SEGMENT, IGNORED FOR OVERLAY PROCESS
    SEGMENT: ?PR?DHT11_GET_HUMIDITY?DHT11

*** WARNING L16: UNCALLED SEGMENT, IGNORED FOR OVERLAY PROCESS
    SEGMENT: ?PR?LCD_INIT?LCD1602

*** WARNING L16: UNCALLED SEGMENT, IGNORED FOR OVERLAY PROCESS
    SEGMENT: ?PR?_LCD_SHOWCHAR?LCD1602

*** WARNING L16: UNCALLED SEGMENT, IGNORED FOR OVERLAY PROCESS
    SEGMENT: ?PR?_LCD_SHOWSTRING?LCD1602

*** WARNING L16: UNCALLED SEGMENT, IGNORED FOR OVERLAY PROCESS
    SEGMENT: ?PR?_LCD_SHOWNUM?LCD1602

*** WARNING L16: UNCALLED SEGMENT, IGNORED FOR OVERLAY PROCESS
    SEGMENT: ?PR?_LCD_SHOWSIGNEDNUM?LCD1602

*** WARNING L16: UNCALLED SEGMENT, IGNORED FOR OVERLAY PROCESS
    SEGMENT: ?PR?_LCD_SHOWHEXNUM?LCD1602

*** WARNING L16: UNCALLED SEGMENT, IGNORED FOR OVERLAY PROCESS
    SEGMENT: ?PR?_LCD_SHOWBINNUM?LCD1602

Program Size: data=9.2 xdata=70 code=2497
LINK/LOCATE RUN COMPLETE.  23 WARNING(S),  0 ERROR(S)
